2024-12-21T17:40:38.747+01:00  INFO 19528 --- [notification-service] [main] o.l.app.NotificationServiceApplication   : Starting NotificationServiceApplication using Java 21.0.5 with PID 19528 (E:\important\league-hub\backend\notification-service\target\classes started by ylopa in E:\important\league-hub)
2024-12-21T17:40:38.755+01:00  INFO 19528 --- [notification-service] [main] o.l.app.NotificationServiceApplication   : No active profile set, falling back to 1 default profile: "default"
2024-12-21T17:40:39.514+01:00  INFO 19528 --- [notification-service] [main] o.s.cloud.context.scope.GenericScope     : BeanFactory id=789d86c2-62a8-36d3-893f-144a10e3b84a
2024-12-21T17:40:39.564+01:00  WARN 19528 --- [notification-service] [main] trationDelegate$BeanPostProcessorChecker : Bean 'org.springframework.cloud.client.loadbalancer.LoadBalancerAutoConfiguration$DeferringLoadBalancerInterceptorConfig' of type [org.springframework.cloud.client.loadbalancer.LoadBalancerAutoConfiguration$DeferringLoadBalancerInterceptorConfig] is not eligible for getting processed by all BeanPostProcessors (for example: not eligible for auto-proxying). The currently created BeanPostProcessor [lbRestClientPostProcessor] is declared through a non-static factory method on that class; consider declaring it as static instead.
2024-12-21T17:40:39.566+01:00  WARN 19528 --- [notification-service] [main] trationDelegate$BeanPostProcessorChecker : Bean 'deferringLoadBalancerInterceptor' of type [org.springframework.cloud.client.loadbalancer.DeferringLoadBalancerInterceptor] is not eligible for getting processed by all BeanPostProcessors (for example: not eligible for auto-proxying). Is this bean getting eagerly injected into a currently created BeanPostProcessor [lbRestClientPostProcessor]? Check the corresponding BeanPostProcessor declaration and its dependencies.
2024-12-21T17:40:39.748+01:00  INFO 19528 --- [notification-service] [main] o.s.b.w.embedded.tomcat.TomcatWebServer  : Tomcat initialized with port 8081 (http)
2024-12-21T17:40:39.760+01:00  INFO 19528 --- [notification-service] [main] o.apache.catalina.core.StandardService   : Starting service [Tomcat]
2024-12-21T17:40:39.760+01:00  INFO 19528 --- [notification-service] [main] o.apache.catalina.core.StandardEngine    : Starting Servlet engine: [Apache Tomcat/10.1.30]
2024-12-21T17:40:39.817+01:00  INFO 19528 --- [notification-service] [main] o.a.c.c.C.[Tomcat].[localhost].[/]       : Initializing Spring embedded WebApplicationContext
2024-12-21T17:40:39.817+01:00  INFO 19528 --- [notification-service] [main] w.s.c.ServletWebServerApplicationContext : Root WebApplicationContext: initialization completed in 1027 ms
2024-12-21T17:40:40.654+01:00  WARN 19528 --- [notification-service] [main] iguration$LoadBalancerCaffeineWarnLogger : Spring Cloud LoadBalancer is currently working with the default cache. While this cache implementation is useful for development and tests, it's recommended to use Caffeine cache in production.You can switch to using Caffeine cache, by adding it and org.springframework.cache.caffeine.CaffeineCacheManager to the classpath.
2024-12-21T17:40:40.661+01:00  INFO 19528 --- [notification-service] [main] o.s.b.a.e.web.EndpointLinksResolver      : Exposing 1 endpoint beneath base path '/actuator'
2024-12-21T17:40:40.755+01:00  INFO 19528 --- [notification-service] [main] o.s.b.w.embedded.tomcat.TomcatWebServer  : Tomcat started on port 8081 (http) with context path '/'
2024-12-21T17:40:40.758+01:00  INFO 19528 --- [notification-service] [main] o.s.c.c.s.ConsulServiceRegistry          : Registering service with consul: NewService{id='notification-service-8081', name='notification-service', tags=[], address='host.docker.internal', meta={secure=false}, port=8081, enableTagOverride=null, check=Check{script='null', dockerContainerID='null', shell='null', interval='10s', ttl='null', http='http://host.docker.internal:8081/actuator/health', method='null', header={}, tcp='null', timeout='null', deregisterCriticalServiceAfter='null', tlsSkipVerify=null, status='null', grpc='null', grpcUseTLS=null}, checks=null}
2024-12-21T17:40:40.802+01:00  INFO 19528 --- [notification-service] [main] o.l.app.NotificationServiceApplication   : Started NotificationServiceApplication in 2.791 seconds (process running for 4.073)
2024-12-21T17:40:41.069+01:00  INFO 19528 --- [notification-service] [RMI TCP Connection(1)-192.168.56.1] o.a.c.c.C.[Tomcat].[localhost].[/]       : Initializing Spring DispatcherServlet 'dispatcherServlet'
2024-12-21T17:40:41.070+01:00  INFO 19528 --- [notification-service] [RMI TCP Connection(1)-192.168.56.1] o.s.web.servlet.DispatcherServlet        : Initializing Servlet 'dispatcherServlet'
2024-12-21T17:40:41.073+01:00  INFO 19528 --- [notification-service] [RMI TCP Connection(1)-192.168.56.1] o.s.web.servlet.DispatcherServlet        : Completed initialization in 2 ms
2024-12-21T17:41:26.166+01:00  INFO 19528 --- [notification-service] [http-nio-8081-exec-3] o.l.app.controller.MailSenderController  : 'EmailRequest(to=ylopatkin@gmail.com, subject=Confirm your email, body=You have successfully registered! Verify your email for full access: http://localhost:8765/auth/activate?token=4bdfd04b-78a6-4e54-b15b-9b3db171c99a)'
2024-12-21T17:42:47.001+01:00  INFO 19528 --- [notification-service] [http-nio-8081-exec-10] o.l.app.controller.MailSenderController  : 'EmailRequest(to=ylopatkin@gmail.com, subject=Confirm your email, body=You have successfully registered! Verify your email for full access: http://localhost:8765/auth/activate?token=5f0f9d4b-ee6c-4139-903f-abf3eaed979c)'
2024-12-21T17:46:35.864+01:00  INFO 19528 --- [notification-service] [SpringApplicationShutdownHook] o.s.c.c.s.ConsulServiceRegistry          : Deregistering service with consul: notification-service-8081
2024-12-21T17:46:39.782+01:00  INFO 23824 --- [notification-service] [main] o.l.app.NotificationServiceApplication   : Starting NotificationServiceApplication using Java 21.0.5 with PID 23824 (E:\important\league-hub\backend\notification-service\target\classes started by ylopa in E:\important\league-hub)
2024-12-21T17:46:39.784+01:00  INFO 23824 --- [notification-service] [main] o.l.app.NotificationServiceApplication   : No active profile set, falling back to 1 default profile: "default"
2024-12-21T17:46:40.726+01:00  INFO 23824 --- [notification-service] [main] o.s.cloud.context.scope.GenericScope     : BeanFactory id=dcb95f2b-7c2d-3005-a3a3-1fe44bf16277
2024-12-21T17:46:40.794+01:00  WARN 23824 --- [notification-service] [main] trationDelegate$BeanPostProcessorChecker : Bean 'org.springframework.cloud.client.loadbalancer.LoadBalancerAutoConfiguration$DeferringLoadBalancerInterceptorConfig' of type [org.springframework.cloud.client.loadbalancer.LoadBalancerAutoConfiguration$DeferringLoadBalancerInterceptorConfig] is not eligible for getting processed by all BeanPostProcessors (for example: not eligible for auto-proxying). The currently created BeanPostProcessor [lbRestClientPostProcessor] is declared through a non-static factory method on that class; consider declaring it as static instead.
2024-12-21T17:46:40.796+01:00  WARN 23824 --- [notification-service] [main] trationDelegate$BeanPostProcessorChecker : Bean 'deferringLoadBalancerInterceptor' of type [org.springframework.cloud.client.loadbalancer.DeferringLoadBalancerInterceptor] is not eligible for getting processed by all BeanPostProcessors (for example: not eligible for auto-proxying). Is this bean getting eagerly injected into a currently created BeanPostProcessor [lbRestClientPostProcessor]? Check the corresponding BeanPostProcessor declaration and its dependencies.
2024-12-21T17:46:40.971+01:00  INFO 23824 --- [notification-service] [main] o.s.b.w.embedded.tomcat.TomcatWebServer  : Tomcat initialized with port 8081 (http)
2024-12-21T17:46:40.982+01:00  INFO 23824 --- [notification-service] [main] o.apache.catalina.core.StandardService   : Starting service [Tomcat]
2024-12-21T17:46:40.982+01:00  INFO 23824 --- [notification-service] [main] o.apache.catalina.core.StandardEngine    : Starting Servlet engine: [Apache Tomcat/10.1.30]
2024-12-21T17:46:41.033+01:00  INFO 23824 --- [notification-service] [main] o.a.c.c.C.[Tomcat].[localhost].[/]       : Initializing Spring embedded WebApplicationContext
2024-12-21T17:46:41.033+01:00  INFO 23824 --- [notification-service] [main] w.s.c.ServletWebServerApplicationContext : Root WebApplicationContext: initialization completed in 1205 ms
2024-12-21T17:46:41.821+01:00  WARN 23824 --- [notification-service] [main] iguration$LoadBalancerCaffeineWarnLogger : Spring Cloud LoadBalancer is currently working with the default cache. While this cache implementation is useful for development and tests, it's recommended to use Caffeine cache in production.You can switch to using Caffeine cache, by adding it and org.springframework.cache.caffeine.CaffeineCacheManager to the classpath.
2024-12-21T17:46:41.826+01:00  INFO 23824 --- [notification-service] [main] o.s.b.a.e.web.EndpointLinksResolver      : Exposing 1 endpoint beneath base path '/actuator'
2024-12-21T17:46:41.890+01:00  INFO 23824 --- [notification-service] [main] o.s.b.w.embedded.tomcat.TomcatWebServer  : Tomcat started on port 8081 (http) with context path '/'
2024-12-21T17:46:41.892+01:00  INFO 23824 --- [notification-service] [main] o.s.c.c.s.ConsulServiceRegistry          : Registering service with consul: NewService{id='notification-service-8081', name='notification-service', tags=[], address='host.docker.internal', meta={secure=false}, port=8081, enableTagOverride=null, check=Check{script='null', dockerContainerID='null', shell='null', interval='10s', ttl='null', http='http://host.docker.internal:8081/actuator/health', method='null', header={}, tcp='null', timeout='null', deregisterCriticalServiceAfter='null', tlsSkipVerify=null, status='null', grpc='null', grpcUseTLS=null}, checks=null}
2024-12-21T17:46:41.922+01:00  INFO 23824 --- [notification-service] [main] o.l.app.NotificationServiceApplication   : Started NotificationServiceApplication in 2.941 seconds (process running for 3.545)
2024-12-21T17:46:42.168+01:00  INFO 23824 --- [notification-service] [RMI TCP Connection(3)-192.168.56.1] o.a.c.c.C.[Tomcat].[localhost].[/]       : Initializing Spring DispatcherServlet 'dispatcherServlet'
2024-12-21T17:46:42.169+01:00  INFO 23824 --- [notification-service] [RMI TCP Connection(3)-192.168.56.1] o.s.web.servlet.DispatcherServlet        : Initializing Servlet 'dispatcherServlet'
2024-12-21T17:46:42.171+01:00  INFO 23824 --- [notification-service] [RMI TCP Connection(3)-192.168.56.1] o.s.web.servlet.DispatcherServlet        : Completed initialization in 1 ms
2024-12-21T17:46:53.739+01:00  INFO 23824 --- [notification-service] [http-nio-8081-exec-2] o.l.app.controller.MailSenderController  : 'EmailRequest(to=ylopatkin@gmail.com, subject=Confirm your email, body=You have successfully registered! Verify your email for full access: http://localhost:8765/auth/activate?token=aa9ea596-b217-415f-b283-035439b727ee)'
2024-12-21T17:46:53.741+01:00 ERROR 23824 --- [notification-service] [task-1] .a.i.SimpleAsyncUncaughtExceptionHandler : Unexpected exception occurred invoking async method: public void org.league.app.service.MailSenderService.sendMail(java.lang.String,java.lang.String,java.lang.String)

java.lang.NullPointerException: Cannot invoke "org.springframework.mail.javamail.JavaMailSender.send(org.springframework.mail.SimpleMailMessage)" because "this.mailSender" is null
	at org.league.app.service.MailSenderService.sendMail(MailSenderService.java:23) ~[classes/:na]
	at java.base/jdk.internal.reflect.DirectMethodHandleAccessor.invoke(DirectMethodHandleAccessor.java:103) ~[na:na]
	at java.base/java.lang.reflect.Method.invoke(Method.java:580) ~[na:na]
	at org.springframework.aop.support.AopUtils.invokeJoinpointUsingReflection(AopUtils.java:355) ~[spring-aop-6.1.13.jar:6.1.13]
	at org.springframework.aop.framework.ReflectiveMethodInvocation.invokeJoinpoint(ReflectiveMethodInvocation.java:196) ~[spring-aop-6.1.13.jar:6.1.13]
	at org.springframework.aop.framework.ReflectiveMethodInvocation.proceed(ReflectiveMethodInvocation.java:163) ~[spring-aop-6.1.13.jar:6.1.13]
	at org.springframework.aop.framework.CglibAopProxy$CglibMethodInvocation.proceed(CglibAopProxy.java:768) ~[spring-aop-6.1.13.jar:6.1.13]
	at org.springframework.aop.interceptor.AsyncExecutionInterceptor.lambda$invoke$0(AsyncExecutionInterceptor.java:113) ~[spring-aop-6.1.13.jar:6.1.13]
	at java.base/java.util.concurrent.FutureTask.run(FutureTask.java:317) ~[na:na]
	at java.base/java.util.concurrent.ThreadPoolExecutor.runWorker(ThreadPoolExecutor.java:1144) ~[na:na]
	at java.base/java.util.concurrent.ThreadPoolExecutor$Worker.run(ThreadPoolExecutor.java:642) ~[na:na]
	at java.base/java.lang.Thread.run(Thread.java:1583) ~[na:na]

2024-12-21T17:47:51.512+01:00  INFO 23824 --- [notification-service] [SpringApplicationShutdownHook] o.s.c.c.s.ConsulServiceRegistry          : Deregistering service with consul: notification-service-8081
2024-12-21T17:47:55.090+01:00  INFO 15232 --- [notification-service] [main] o.l.app.NotificationServiceApplication   : Starting NotificationServiceApplication using Java 21.0.5 with PID 15232 (E:\important\league-hub\backend\notification-service\target\classes started by ylopa in E:\important\league-hub)
2024-12-21T17:47:55.093+01:00  INFO 15232 --- [notification-service] [main] o.l.app.NotificationServiceApplication   : No active profile set, falling back to 1 default profile: "default"
2024-12-21T17:47:55.887+01:00  INFO 15232 --- [notification-service] [main] o.s.cloud.context.scope.GenericScope     : BeanFactory id=dcb95f2b-7c2d-3005-a3a3-1fe44bf16277
2024-12-21T17:47:55.943+01:00  WARN 15232 --- [notification-service] [main] trationDelegate$BeanPostProcessorChecker : Bean 'org.springframework.cloud.client.loadbalancer.LoadBalancerAutoConfiguration$DeferringLoadBalancerInterceptorConfig' of type [org.springframework.cloud.client.loadbalancer.LoadBalancerAutoConfiguration$DeferringLoadBalancerInterceptorConfig] is not eligible for getting processed by all BeanPostProcessors (for example: not eligible for auto-proxying). The currently created BeanPostProcessor [lbRestClientPostProcessor] is declared through a non-static factory method on that class; consider declaring it as static instead.
2024-12-21T17:47:55.945+01:00  WARN 15232 --- [notification-service] [main] trationDelegate$BeanPostProcessorChecker : Bean 'deferringLoadBalancerInterceptor' of type [org.springframework.cloud.client.loadbalancer.DeferringLoadBalancerInterceptor] is not eligible for getting processed by all BeanPostProcessors (for example: not eligible for auto-proxying). Is this bean getting eagerly injected into a currently created BeanPostProcessor [lbRestClientPostProcessor]? Check the corresponding BeanPostProcessor declaration and its dependencies.
2024-12-21T17:47:56.101+01:00  INFO 15232 --- [notification-service] [main] o.s.b.w.embedded.tomcat.TomcatWebServer  : Tomcat initialized with port 8081 (http)
2024-12-21T17:47:56.114+01:00  INFO 15232 --- [notification-service] [main] o.apache.catalina.core.StandardService   : Starting service [Tomcat]
2024-12-21T17:47:56.114+01:00  INFO 15232 --- [notification-service] [main] o.apache.catalina.core.StandardEngine    : Starting Servlet engine: [Apache Tomcat/10.1.30]
2024-12-21T17:47:56.172+01:00  INFO 15232 --- [notification-service] [main] o.a.c.c.C.[Tomcat].[localhost].[/]       : Initializing Spring embedded WebApplicationContext
2024-12-21T17:47:56.172+01:00  INFO 15232 --- [notification-service] [main] w.s.c.ServletWebServerApplicationContext : Root WebApplicationContext: initialization completed in 1041 ms
2024-12-21T17:47:56.948+01:00  WARN 15232 --- [notification-service] [main] iguration$LoadBalancerCaffeineWarnLogger : Spring Cloud LoadBalancer is currently working with the default cache. While this cache implementation is useful for development and tests, it's recommended to use Caffeine cache in production.You can switch to using Caffeine cache, by adding it and org.springframework.cache.caffeine.CaffeineCacheManager to the classpath.
2024-12-21T17:47:56.954+01:00  INFO 15232 --- [notification-service] [main] o.s.b.a.e.web.EndpointLinksResolver      : Exposing 1 endpoint beneath base path '/actuator'
2024-12-21T17:47:57.016+01:00  INFO 15232 --- [notification-service] [main] o.s.b.w.embedded.tomcat.TomcatWebServer  : Tomcat started on port 8081 (http) with context path '/'
2024-12-21T17:47:57.018+01:00  INFO 15232 --- [notification-service] [main] o.s.c.c.s.ConsulServiceRegistry          : Registering service with consul: NewService{id='notification-service-8081', name='notification-service', tags=[], address='host.docker.internal', meta={secure=false}, port=8081, enableTagOverride=null, check=Check{script='null', dockerContainerID='null', shell='null', interval='10s', ttl='null', http='http://host.docker.internal:8081/actuator/health', method='null', header={}, tcp='null', timeout='null', deregisterCriticalServiceAfter='null', tlsSkipVerify=null, status='null', grpc='null', grpcUseTLS=null}, checks=null}
2024-12-21T17:47:57.048+01:00  INFO 15232 --- [notification-service] [main] o.l.app.NotificationServiceApplication   : Started NotificationServiceApplication in 2.656 seconds (process running for 3.203)
2024-12-21T17:47:57.575+01:00  INFO 15232 --- [notification-service] [RMI TCP Connection(3)-192.168.56.1] o.a.c.c.C.[Tomcat].[localhost].[/]       : Initializing Spring DispatcherServlet 'dispatcherServlet'
2024-12-21T17:47:57.576+01:00  INFO 15232 --- [notification-service] [RMI TCP Connection(3)-192.168.56.1] o.s.web.servlet.DispatcherServlet        : Initializing Servlet 'dispatcherServlet'
2024-12-21T17:47:57.577+01:00  INFO 15232 --- [notification-service] [RMI TCP Connection(3)-192.168.56.1] o.s.web.servlet.DispatcherServlet        : Completed initialization in 1 ms
2024-12-21T17:48:13.429+01:00  INFO 15232 --- [notification-service] [http-nio-8081-exec-2] o.l.app.controller.MailSenderController  : 'EmailRequest(to=ylopatkin@gmail.com, subject=Confirm your email, body=You have successfully registered! Verify your email for full access: http://localhost:8765/auth/activate?token=f9c272e8-2bca-4c53-99ae-726fac47f7eb)'
2024-12-21T17:48:56.452+01:00  INFO 15232 --- [notification-service] [http-nio-8081-exec-6] o.l.app.controller.MailSenderController  : 'EmailRequest(to=ylopatkin@gmail.com, subject=Confirm your email, body=You have got a new email verification link to activate your account. Please click the link below to confirm your email address and complete your registration: http://localhost:8765/auth/activate?token=cf8372f9-5b7f-4a86-8e02-29600fda9352)'
2024-12-21T17:53:25.634+01:00  INFO 15232 --- [notification-service] [http-nio-8081-exec-5] o.l.app.controller.MailSenderController  : 'EmailRequest(to=ylopatkin@gmail.com, subject=Confirm your email, body=You have successfully registered! Verify your email for full access: http://localhost:8765/auth/activate?token=0f2ecb08-2c88-42d1-9f10-39ef2c022119)'
2024-12-21T17:56:22.517+01:00  INFO 15232 --- [notification-service] [http-nio-8081-exec-9] o.l.app.controller.MailSenderController  : 'EmailRequest(to=ylopatkin@gmail.com, subject=Confirm your email, body=You have successfully registered! Verify your email for full access: http://localhost:8765/auth/activate?token=b4385d56-de90-4f0d-9a22-27677aefe989)'
2024-12-21T17:57:38.069+01:00  INFO 15232 --- [notification-service] [http-nio-8081-exec-6] o.l.app.controller.MailSenderController  : 'EmailRequest(to=ylopatkin@gmail.com, subject=Confirm your email, body=You have successfully registered! Verify your email for full access: http://localhost:8765/auth/activate?token=8ba93a61-65e3-4608-8886-bdcd29f205b0)'
2024-12-21T17:59:17.968+01:00  INFO 15232 --- [notification-service] [http-nio-8081-exec-3] o.l.app.controller.MailSenderController  : 'EmailRequest(to=ylopatkin@gmail.com, subject=Confirm your email, body=You have successfully registered! Verify your email for full access: http://localhost:8765/auth/activate?token=fdd56394-afb4-4844-b579-52a71dc8335e)'
2024-12-21T18:10:45.001+01:00  INFO 15232 --- [notification-service] [http-nio-8081-exec-1] o.l.app.controller.MailSenderController  : 'EmailRequest(to=ylopatkin@gmail.com, subject=Confirm your email, body=You have successfully registered! Verify your email for full access: http://localhost:8765/auth/activate?token=00e69884-0c57-445c-b955-67b99a14ee5b)'
2024-12-21T18:23:11.151+01:00  INFO 15232 --- [notification-service] [SpringApplicationShutdownHook] o.s.c.c.s.ConsulServiceRegistry          : Deregistering service with consul: notification-service-8081
2024-12-21T18:24:04.955+01:00  INFO 25536 --- [notification-service] [main] o.l.app.NotificationServiceApplication   : Starting NotificationServiceApplication using Java 21.0.5 with PID 25536 (E:\important\league-hub\backend\notification-service\target\classes started by ylopa in E:\important\league-hub)
2024-12-21T18:24:04.957+01:00  INFO 25536 --- [notification-service] [main] o.l.app.NotificationServiceApplication   : No active profile set, falling back to 1 default profile: "default"
2024-12-21T18:24:06.268+01:00  INFO 25536 --- [notification-service] [main] o.s.cloud.context.scope.GenericScope     : BeanFactory id=dcb95f2b-7c2d-3005-a3a3-1fe44bf16277
2024-12-21T18:24:06.371+01:00  WARN 25536 --- [notification-service] [main] trationDelegate$BeanPostProcessorChecker : Bean 'org.springframework.cloud.client.loadbalancer.LoadBalancerAutoConfiguration$DeferringLoadBalancerInterceptorConfig' of type [org.springframework.cloud.client.loadbalancer.LoadBalancerAutoConfiguration$DeferringLoadBalancerInterceptorConfig] is not eligible for getting processed by all BeanPostProcessors (for example: not eligible for auto-proxying). The currently created BeanPostProcessor [lbRestClientPostProcessor] is declared through a non-static factory method on that class; consider declaring it as static instead.
2024-12-21T18:24:06.375+01:00  WARN 25536 --- [notification-service] [main] trationDelegate$BeanPostProcessorChecker : Bean 'deferringLoadBalancerInterceptor' of type [org.springframework.cloud.client.loadbalancer.DeferringLoadBalancerInterceptor] is not eligible for getting processed by all BeanPostProcessors (for example: not eligible for auto-proxying). Is this bean getting eagerly injected into a currently created BeanPostProcessor [lbRestClientPostProcessor]? Check the corresponding BeanPostProcessor declaration and its dependencies.
2024-12-21T18:24:06.649+01:00  INFO 25536 --- [notification-service] [main] o.s.b.w.embedded.tomcat.TomcatWebServer  : Tomcat initialized with port 8081 (http)
2024-12-21T18:24:06.666+01:00  INFO 25536 --- [notification-service] [main] o.apache.catalina.core.StandardService   : Starting service [Tomcat]
2024-12-21T18:24:06.667+01:00  INFO 25536 --- [notification-service] [main] o.apache.catalina.core.StandardEngine    : Starting Servlet engine: [Apache Tomcat/10.1.30]
2024-12-21T18:24:06.745+01:00  INFO 25536 --- [notification-service] [main] o.a.c.c.C.[Tomcat].[localhost].[/]       : Initializing Spring embedded WebApplicationContext
2024-12-21T18:24:06.746+01:00  INFO 25536 --- [notification-service] [main] w.s.c.ServletWebServerApplicationContext : Root WebApplicationContext: initialization completed in 1730 ms
2024-12-21T18:24:08.225+01:00  WARN 25536 --- [notification-service] [main] iguration$LoadBalancerCaffeineWarnLogger : Spring Cloud LoadBalancer is currently working with the default cache. While this cache implementation is useful for development and tests, it's recommended to use Caffeine cache in production.You can switch to using Caffeine cache, by adding it and org.springframework.cache.caffeine.CaffeineCacheManager to the classpath.
2024-12-21T18:24:08.238+01:00  INFO 25536 --- [notification-service] [main] o.s.b.a.e.web.EndpointLinksResolver      : Exposing 1 endpoint beneath base path '/actuator'
2024-12-21T18:24:08.366+01:00  INFO 25536 --- [notification-service] [main] o.s.b.w.embedded.tomcat.TomcatWebServer  : Tomcat started on port 8081 (http) with context path '/'
2024-12-21T18:24:08.370+01:00  INFO 25536 --- [notification-service] [main] o.s.c.c.s.ConsulServiceRegistry          : Registering service with consul: NewService{id='notification-service-8081', name='notification-service', tags=[], address='host.docker.internal', meta={secure=false}, port=8081, enableTagOverride=null, check=Check{script='null', dockerContainerID='null', shell='null', interval='10s', ttl='null', http='http://host.docker.internal:8081/actuator/health', method='null', header={}, tcp='null', timeout='null', deregisterCriticalServiceAfter='null', tlsSkipVerify=null, status='null', grpc='null', grpcUseTLS=null}, checks=null}
2024-12-21T18:24:08.422+01:00  INFO 25536 --- [notification-service] [main] o.l.app.NotificationServiceApplication   : Started NotificationServiceApplication in 4.354 seconds (process running for 5.13)
2024-12-21T18:24:09.122+01:00  INFO 25536 --- [notification-service] [RMI TCP Connection(3)-192.168.56.1] o.a.c.c.C.[Tomcat].[localhost].[/]       : Initializing Spring DispatcherServlet 'dispatcherServlet'
2024-12-21T18:24:09.123+01:00  INFO 25536 --- [notification-service] [RMI TCP Connection(3)-192.168.56.1] o.s.web.servlet.DispatcherServlet        : Initializing Servlet 'dispatcherServlet'
2024-12-21T18:24:09.126+01:00  INFO 25536 --- [notification-service] [RMI TCP Connection(3)-192.168.56.1] o.s.web.servlet.DispatcherServlet        : Completed initialization in 3 ms
2024-12-21T18:32:22.610+01:00  INFO 25536 --- [notification-service] [http-nio-8081-exec-3] o.l.app.controller.MailSenderController  : 'EmailRequest(to=ylopatkin@gmail.com, subject=Confirm your email, body=You have successfully registered! Verify your email for full access: http://localhost:8765/auth/activate?token=a20d32c2-2853-4a72-89f0-4a21a4b60bfd)'
2024-12-21T18:50:56.853+01:00  WARN 25536 --- [notification-service] [http-nio-8081-exec-6] .w.s.m.s.DefaultHandlerExceptionResolver : Resolved [org.springframework.web.context.request.async.AsyncRequestNotUsableException: ServletOutputStream failed to flush: java.nio.channels.ClosedChannelException]
2024-12-21T18:50:56.855+01:00  INFO 25536 --- [notification-service] [SpringApplicationShutdownHook] o.s.c.c.s.ConsulServiceRegistry          : Deregistering service with consul: notification-service-8081
