2025-01-12T17:55:48.895+01:00  INFO 19952 --- [sport-service] [main] org.league.app.SportServiceApplication   : Starting SportServiceApplication using Java 23 with PID 19952 (C:\Users\huko2\IdeaProjects\ProLeagueManager\backend\sport-service\target\classes started by huko2 in C:\Users\huko2\IdeaProjects\ProLeagueManager)
2025-01-12T17:55:48.919+01:00  INFO 19952 --- [sport-service] [main] org.league.app.SportServiceApplication   : No active profile set, falling back to 1 default profile: "default"
2025-01-12T17:55:53.569+01:00  INFO 19952 --- [sport-service] [main] .s.d.r.c.RepositoryConfigurationDelegate : Multiple Spring Data modules found, entering strict repository configuration mode
2025-01-12T17:55:53.576+01:00  INFO 19952 --- [sport-service] [main] .s.d.r.c.RepositoryConfigurationDelegate : Bootstrapping Spring Data JPA repositories in DEFAULT mode.
2025-01-12T17:55:54.303+01:00  INFO 19952 --- [sport-service] [main] .s.d.r.c.RepositoryConfigurationDelegate : Finished Spring Data repository scanning in 706 ms. Found 1 JPA repository interface.
2025-01-12T17:55:54.367+01:00  INFO 19952 --- [sport-service] [main] .s.d.r.c.RepositoryConfigurationDelegate : Multiple Spring Data modules found, entering strict repository configuration mode
2025-01-12T17:55:54.370+01:00  INFO 19952 --- [sport-service] [main] .s.d.r.c.RepositoryConfigurationDelegate : Bootstrapping Spring Data Redis repositories in DEFAULT mode.
2025-01-12T17:55:54.442+01:00  INFO 19952 --- [sport-service] [main] .RepositoryConfigurationExtensionSupport : Spring Data Redis - Could not safely identify store assignment for repository candidate interface org.league.app.database.repository.SportRepository; If you want this repository to be a Redis repository, consider annotating your entities with one of these annotations: org.springframework.data.redis.core.RedisHash (preferred), or consider extending one of the following types with your repository: org.springframework.data.keyvalue.repository.KeyValueRepository
2025-01-12T17:55:54.444+01:00  INFO 19952 --- [sport-service] [main] .s.d.r.c.RepositoryConfigurationDelegate : Finished Spring Data repository scanning in 43 ms. Found 0 Redis repository interfaces.
2025-01-12T17:55:56.046+01:00  INFO 19952 --- [sport-service] [main] o.s.cloud.context.scope.GenericScope     : BeanFactory id=224f4688-2e23-3b9e-a51f-63dace2bbb58
2025-01-12T17:55:57.831+01:00  WARN 19952 --- [sport-service] [main] trationDelegate$BeanPostProcessorChecker : Bean 'org.springframework.cloud.client.loadbalancer.LoadBalancerAutoConfiguration$DeferringLoadBalancerInterceptorConfig' of type [org.springframework.cloud.client.loadbalancer.LoadBalancerAutoConfiguration$DeferringLoadBalancerInterceptorConfig] is not eligible for getting processed by all BeanPostProcessors (for example: not eligible for auto-proxying). The currently created BeanPostProcessor [lbRestClientPostProcessor] is declared through a non-static factory method on that class; consider declaring it as static instead.
2025-01-12T17:55:57.846+01:00  WARN 19952 --- [sport-service] [main] trationDelegate$BeanPostProcessorChecker : Bean 'deferringLoadBalancerInterceptor' of type [org.springframework.cloud.client.loadbalancer.DeferringLoadBalancerInterceptor] is not eligible for getting processed by all BeanPostProcessors (for example: not eligible for auto-proxying). Is this bean getting eagerly injected into a currently created BeanPostProcessor [lbRestClientPostProcessor]? Check the corresponding BeanPostProcessor declaration and its dependencies.
2025-01-12T17:55:58.956+01:00  INFO 19952 --- [sport-service] [main] o.s.b.w.embedded.tomcat.TomcatWebServer  : Tomcat initialized with port 8083 (http)
2025-01-12T17:55:59.008+01:00  INFO 19952 --- [sport-service] [main] o.apache.catalina.core.StandardService   : Starting service [Tomcat]
2025-01-12T17:55:59.009+01:00  INFO 19952 --- [sport-service] [main] o.apache.catalina.core.StandardEngine    : Starting Servlet engine: [Apache Tomcat/10.1.30]
2025-01-12T17:55:59.289+01:00  INFO 19952 --- [sport-service] [main] o.a.c.c.C.[Tomcat].[localhost].[/]       : Initializing Spring embedded WebApplicationContext
2025-01-12T17:55:59.290+01:00  INFO 19952 --- [sport-service] [main] w.s.c.ServletWebServerApplicationContext : Root WebApplicationContext: initialization completed in 10031 ms
2025-01-12T17:56:00.378+01:00  INFO 19952 --- [sport-service] [main] o.s.c.openfeign.FeignClientFactoryBean   : For 'user-service' URL not provided. Will try picking an instance via load-balancing.
2025-01-12T17:56:03.095+01:00  INFO 19952 --- [sport-service] [main] o.hibernate.jpa.internal.util.LogHelper  : HHH000204: Processing PersistenceUnitInfo [name: default]
2025-01-12T17:56:03.508+01:00  INFO 19952 --- [sport-service] [main] org.hibernate.Version                    : HHH000412: Hibernate ORM core version 6.5.3.Final
2025-01-12T17:56:03.724+01:00  INFO 19952 --- [sport-service] [main] o.h.c.internal.RegionFactoryInitiator    : HHH000026: Second-level cache disabled
2025-01-12T17:56:06.617+01:00  INFO 19952 --- [sport-service] [main] o.s.o.j.p.SpringPersistenceUnitInfo      : No LoadTimeWeaver setup: ignoring JPA class transformer
2025-01-12T17:56:06.812+01:00  INFO 19952 --- [sport-service] [main] com.zaxxer.hikari.HikariDataSource       : HikariPool-1 - Starting...
2025-01-12T17:56:07.751+01:00  INFO 19952 --- [sport-service] [main] com.zaxxer.hikari.pool.HikariPool        : HikariPool-1 - Added connection org.postgresql.jdbc.PgConnection@428e9be2
2025-01-12T17:56:07.757+01:00  INFO 19952 --- [sport-service] [main] com.zaxxer.hikari.HikariDataSource       : HikariPool-1 - Start completed.
2025-01-12T17:56:12.881+01:00  INFO 19952 --- [sport-service] [main] o.h.e.t.j.p.i.JtaPlatformInitiator       : HHH000489: No JTA platform available (set 'hibernate.transaction.jta.platform' to enable JTA platform integration)
2025-01-12T17:56:13.259+01:00  INFO 19952 --- [sport-service] [main] j.LocalContainerEntityManagerFactoryBean : Initialized JPA EntityManagerFactory for persistence unit 'default'
2025-01-12T17:56:14.824+01:00  WARN 19952 --- [sport-service] [main] .s.s.UserDetailsServiceAutoConfiguration : 

Using generated security password: 574d0360-62ef-4dfb-a0cb-5d0eeba8df77

This generated password is for development use only. Your security configuration must be updated before running your application in production.

2025-01-12T17:56:14.873+01:00  INFO 19952 --- [sport-service] [main] r$InitializeUserDetailsManagerConfigurer : Global AuthenticationManager configured with UserDetailsService bean with name inMemoryUserDetailsManager
2025-01-12T17:56:17.770+01:00  INFO 19952 --- [sport-service] [main] o.s.b.a.e.web.EndpointLinksResolver      : Exposing 1 endpoint beneath base path '/actuator'
2025-01-12T17:56:21.088+01:00  WARN 19952 --- [sport-service] [main] iguration$LoadBalancerCaffeineWarnLogger : Spring Cloud LoadBalancer is currently working with the default cache. While this cache implementation is useful for development and tests, it's recommended to use Caffeine cache in production.You can switch to using Caffeine cache, by adding it and org.springframework.cache.caffeine.CaffeineCacheManager to the classpath.
2025-01-12T17:56:21.753+01:00  INFO 19952 --- [sport-service] [main] o.s.b.w.embedded.tomcat.TomcatWebServer  : Tomcat started on port 8083 (http) with context path '/'
2025-01-12T17:56:21.762+01:00  INFO 19952 --- [sport-service] [main] o.s.c.c.s.ConsulServiceRegistry          : Registering service with consul: NewService{id='sport-service-8083', name='sport-service', tags=[], address='DESKTOP-Q5L62V1', meta={secure=false}, port=8083, enableTagOverride=null, check=Check{script='null', dockerContainerID='null', shell='null', interval='10s', ttl='null', http='http://DESKTOP-Q5L62V1:8083/actuator/health', method='null', header={}, tcp='null', timeout='null', deregisterCriticalServiceAfter='null', tlsSkipVerify=null, status='null', grpc='null', grpcUseTLS=null}, checks=null}
2025-01-12T17:56:21.870+01:00  INFO 19952 --- [sport-service] [main] org.league.app.SportServiceApplication   : Started SportServiceApplication in 35.93 seconds (process running for 37.865)
2025-01-12T17:56:23.003+01:00  INFO 19952 --- [sport-service] [RMI TCP Connection(7)-26.155.219.88] o.a.c.c.C.[Tomcat].[localhost].[/]       : Initializing Spring DispatcherServlet 'dispatcherServlet'
2025-01-12T17:56:23.004+01:00  INFO 19952 --- [sport-service] [RMI TCP Connection(7)-26.155.219.88] o.s.web.servlet.DispatcherServlet        : Initializing Servlet 'dispatcherServlet'
2025-01-12T17:56:23.009+01:00  INFO 19952 --- [sport-service] [RMI TCP Connection(7)-26.155.219.88] o.s.web.servlet.DispatcherServlet        : Completed initialization in 4 ms
